******************************************************************************
                  MSP430 Linker Unix v18.12.2                  
******************************************************************************
>> Linked Wed Jul 24 06:06:08 2019

OUTPUT FILE NAME:   <Display_OLED_I2C.out>
ENTRY POINT SYMBOL: "_c_int00_noargs"  address: 0000cb82


MEMORY CONFIGURATION

         name            origin    length      used     unused   attr    fill
----------------------  --------  ---------  --------  --------  ----  --------
  SFR                   00000000   00000010  00000000  00000010  RWIX
  PERIPHERALS_8BIT      00000010   000000f0  00000000  000000f0  RWIX
  PERIPHERALS_16BIT     00000100   00000100  00000000  00000100  RWIX
  RAM                   00000200   00000200  00000064  0000019c  RWIX
  INFOD                 00001000   00000040  00000000  00000040  RWIX
  INFOC                 00001040   00000040  00000000  00000040  RWIX
  INFOB                 00001080   00000040  00000000  00000040  RWIX
  INFOA                 000010c0   00000040  00000000  00000040  RWIX
  FLASH                 0000c000   00003fde  00000f87  00003057  RWIX
  BSLSIGNATURE          0000ffde   00000002  00000002  00000000  RWIX  ffff 
  INT00                 0000ffe0   00000002  00000002  00000000  RWIX
  INT01                 0000ffe2   00000002  00000000  00000002  RWIX
  INT02                 0000ffe4   00000002  00000002  00000000  RWIX
  INT03                 0000ffe6   00000002  00000002  00000000  RWIX
  INT04                 0000ffe8   00000002  00000000  00000002  RWIX
  INT05                 0000ffea   00000002  00000002  00000000  RWIX
  INT06                 0000ffec   00000002  00000002  00000000  RWIX
  INT07                 0000ffee   00000002  00000002  00000000  RWIX
  INT08                 0000fff0   00000002  00000002  00000000  RWIX
  INT09                 0000fff2   00000002  00000002  00000000  RWIX
  INT10                 0000fff4   00000002  00000002  00000000  RWIX
  INT11                 0000fff6   00000002  00000002  00000000  RWIX
  INT12                 0000fff8   00000002  00000002  00000000  RWIX
  INT13                 0000fffa   00000002  00000002  00000000  RWIX
  INT14                 0000fffc   00000002  00000002  00000000  RWIX
  RESET                 0000fffe   00000002  00000002  00000000  RWIX


SECTION ALLOCATION MAP

 output                                  attributes/
section   page    origin      length       input sections
--------  ----  ----------  ----------   ----------------
.data      0    00000200    0000000c     UNINITIALIZED
                  00000200    0000000c     main.obj (.data)

.bss       0    0000020c    00000008     UNINITIALIZED
                  0000020c    00000002     (.common:h_index)
                  0000020e    00000002     (.common:w_index)
                  00000210    00000001     (.common:Wire)
                  00000211    00000001     (.common:bit_num)
                  00000212    00000001     (.common:byte)
                  00000213    00000001     (.common:ft)

.stack     0    000003b0    00000050     UNINITIALIZED
                  000003b0    00000002     rts430_eabi.lib : boot.c.obj (.stack)
                  000003b2    0000004e     --HOLE--

.text      0    0000c000    00000c6c     
                  0000c000    0000026c     SSD1306.obj (.text:_ZN7SSD130611draw_bitmapEiijjPKc)
                  0000c26c    000001da     SSD1306.obj (.text:_ZN7SSD130617convert_font_sizeEhhhh)
                  0000c446    00000176     main.obj (.text:main)
                  0000c5bc    000000ba     SSD1306.obj (.text:_ZN7SSD130610set_cursorEhh)
                  0000c676    0000007c     rts430_eabi.lib : copy_decompress_lzss.c.obj (.text:decompress:lzss:__TI_decompress_lzss)
                  0000c6f2    0000006a     SSD1306.obj (.text:_ZN7SSD130610clean_areaEhhhh)
                  0000c75c    00000068     SSD1306.obj (.text:_ZN7SSD130612fill_displayEhhh)
                  0000c7c4    00000064     SSD1306.obj (.text:_ZN7SSD130615draw_string_sinEiiPKch)
                  0000c828    0000005e     SSD1306.obj (.text:_ZN7SSD130610OLED_beginEv)
                  0000c886    00000058     SSD1306.obj (.text:_ZN7SSD130610write_charEhhhh)
                  0000c8de    0000004c     rts430_eabi.lib : lsr16.asm.obj (.text)
                  0000c92a    00000046     SSD1306.obj (.text:_ZN7SSD130612string_typerEhhPKchj)
                  0000c970    00000044     SSD1306.obj (.text:_ZN7SSD130614write_h_stringEhhPKch)
                  0000c9b4    00000044     SSD1306.obj (.text:_ZN7SSD130615send_data_arrayEPKch)
                  0000c9f8    00000042     rts430_eabi.lib : autoinit.c.obj (.text:__TI_auto_init_nobinit_nopinit:__TI_auto_init_nobinit_nopinit)
                  0000ca3a    0000003c     SSD1306.obj (.text:_ZN7SSD130619scene_00_typer_helpEhh)
                  0000ca76    0000003c     SSD1306.obj (.text:_ZN7SSD13065delayEj)
                  0000cab2    0000002e     SSD1306.obj (.text:_ZN7SSD13067get_sinEi)
                  0000cae0    0000002c     I2C.obj (.text:_ZN3I2C5beginEv)
                  0000cb0c    0000002c     rts430_eabi.lib : div16s.asm.obj (.text)
                  0000cb38    0000002c                     : lsl16.asm.obj (.text)
                  0000cb64    0000001e     I2C.obj (.text:_ZN3I2C17beginTransmissionEi)
                  0000cb82    0000001c     rts430_eabi.lib : boot.c.obj (.text:_c_int00_noargs)
                  0000cb9e    00000018     main.obj (.text:_Z6Port_1v)
                  0000cbb6    00000018     I2C.obj (.text:_ZN3I2C5writeEhj)
                  0000cbce    00000016     rts430_eabi.lib : div16u.asm.obj (.text)
                  0000cbe4    00000014                     : copy_zero_init.c.obj (.text:decompress:ZI:__TI_zero_init_nomemset:__TI_zero_init_nomemset)
                  0000cbf8    00000014                     : mult16.asm.obj (.text)
                  0000cc0c    00000012                     : copy_decompress_none.c.obj (.text:decompress:none:__TI_decompress_none)
                  0000cc1e    00000012                     : memcpy.c.obj (.text:memcpy)
                  0000cc30    00000010                     : epilog.asm.obj (.text)
                  0000cc40    0000000c     I2C.obj (.text:_ZN3I2C15endTransmissionEv)
                  0000cc4c    0000000c     SSD1306.obj (.text:_ZN7SSD13067get_absEi)
                  0000cc58    00000008     rts430_eabi.lib : isr_trap.asm.obj (.text:_isr:__TI_ISR_TRAP)
                  0000cc60    00000006                     : exit.c.obj (.text:abort)
                  0000cc66    00000004                     : pre_init.c.obj (.text:_system_pre_init)
                  0000cc6a    00000002                     : startup.c.obj (.text:_system_post_cinit)

.const     0    0000cc6c    000002fd     
                  0000cc6c    00000280     SSD1306.obj (.const:ascii_table)
                  0000ceec    0000004e     SSD1306.obj (.const:.string:sine_array)
                  0000cf3a    00000019     SSD1306.obj (.const:.string:init_cmd_array)
                  0000cf53    00000001     --HOLE-- [fill = 0]
                  0000cf54    0000000a     main.obj (.const:.string:str_scene00_1)
                  0000cf5e    00000006     main.obj (.const:.string:str_scene00_3)
                  0000cf64    00000005     SSD1306.obj (.const:.string:str_scene00_0)

.cinit     0    0000cf6a    0000001e     
                  0000cf6a    0000000c     (.cinit..data.load) [load image, compression = lzss]
                  0000cf76    00000006     (__TI_handler_table)
                  0000cf7c    00000004     (.cinit..bss.load) [load image, compression = zero_init]
                  0000cf80    00000008     (__TI_cinit_table)

.binit     0    0000c000    00000000     

.init_array 
*          0    0000c000    00000000     UNINITIALIZED

TRAPINT    0    0000ffe0    00000002     
                  0000ffe0    00000002     rts430_eabi.lib : int00.asm.obj (.int00)

PORT1      0    0000ffe4    00000002     
                  0000ffe4    00000002     main.obj (.int02)

PORT2      0    0000ffe6    00000002     
                  0000ffe6    00000002     rts430_eabi.lib : int03.asm.obj (.int03)

ADC10      0    0000ffea    00000002     
                  0000ffea    00000002     rts430_eabi.lib : int05.asm.obj (.int05)

USCIAB0TX 
*          0    0000ffec    00000002     
                  0000ffec    00000002     rts430_eabi.lib : int06.asm.obj (.int06)

USCIAB0RX 
*          0    0000ffee    00000002     
                  0000ffee    00000002     rts430_eabi.lib : int07.asm.obj (.int07)

TIMER0_A1 
*          0    0000fff0    00000002     
                  0000fff0    00000002     rts430_eabi.lib : int08.asm.obj (.int08)

TIMER0_A0 
*          0    0000fff2    00000002     
                  0000fff2    00000002     rts430_eabi.lib : int09.asm.obj (.int09)

WDT        0    0000fff4    00000002     
                  0000fff4    00000002     rts430_eabi.lib : int10.asm.obj (.int10)

COMPARATORA 
*          0    0000fff6    00000002     
                  0000fff6    00000002     rts430_eabi.lib : int11.asm.obj (.int11)

TIMER1_A1 
*          0    0000fff8    00000002     
                  0000fff8    00000002     rts430_eabi.lib : int12.asm.obj (.int12)

TIMER1_A0 
*          0    0000fffa    00000002     
                  0000fffa    00000002     rts430_eabi.lib : int13.asm.obj (.int13)

NMI        0    0000fffc    00000002     
                  0000fffc    00000002     rts430_eabi.lib : int14.asm.obj (.int14)

.reset     0    0000fffe    00000002     
                  0000fffe    00000002     rts430_eabi.lib : boot.c.obj (.reset)

$fill000   0    0000ffde    00000002     
                  0000ffde    00000002     --HOLE-- [fill = ffff]

MODULE SUMMARY

       Module                       code   ro data   rw data
       ------                       ----   -------   -------
    ./
       SSD1306.obj                  2156   748       7      
       main.obj                     398    18        13     
       I2C.obj                      110    0         0      
    +--+----------------------------+------+---------+---------+
       Total:                       2664   766       20     
                                                            
    /Applications/ti/ccs900/ccs/tools/compiler/ti-cgt-msp430_18.12.2.LTS/lib/rts430_eabi.lib
       copy_decompress_lzss.c.obj   124    0         0      
       lsr16.asm.obj                76     0         0      
       autoinit.c.obj               66     0         0      
       div16s.asm.obj               44     0         0      
       lsl16.asm.obj                44     0         0      
       boot.c.obj                   28     2         0      
       div16u.asm.obj               22     0         0      
       copy_zero_init.c.obj         20     0         0      
       mult16.asm.obj               20     0         0      
       copy_decompress_none.c.obj   18     0         0      
       memcpy.c.obj                 18     0         0      
       epilog.asm.obj               16     0         0      
       isr_trap.asm.obj             8      0         0      
       exit.c.obj                   6      0         0      
       pre_init.c.obj               4      0         0      
       int00.asm.obj                0      2         0      
       int03.asm.obj                0      2         0      
       int05.asm.obj                0      2         0      
       int06.asm.obj                0      2         0      
       int07.asm.obj                0      2         0      
       int08.asm.obj                0      2         0      
       int09.asm.obj                0      2         0      
       int10.asm.obj                0      2         0      
       int11.asm.obj                0      2         0      
       int12.asm.obj                0      2         0      
       int13.asm.obj                0      2         0      
       int14.asm.obj                0      2         0      
       startup.c.obj                2      0         0      
    +--+----------------------------+------+---------+---------+
       Total:                       516    26        0      
                                                            
       Stack:                       0      0         80     
       Linker Generated:            0      30        0      
    +--+----------------------------+------+---------+---------+
       Grand Total:                 3180   822       100    


LINKER GENERATED COPY TABLES

__TI_cinit_table @ 0000cf80 records: 2, size/record: 4, table size: 8
	.data: load addr=0000cf6a, load size=0000000c bytes, run addr=00000200, run size=0000000c bytes, compression=lzss
	.bss: load addr=0000cf7c, load size=00000004 bytes, run addr=0000020c, run size=00000008 bytes, compression=zero_init


LINKER GENERATED HANDLER TABLE

__TI_handler_table @ 0000cf76 records: 3, size/record: 2, table size: 6
	index: 0, handler: __TI_zero_init
	index: 1, handler: __TI_decompress_lzss
	index: 2, handler: __TI_decompress_none


GLOBAL SYMBOLS: SORTED ALPHABETICALLY BY Name 

address   name                               
-------   ----                               
0000004a  ADC10AE0                           
000001b0  ADC10CTL0                          
000001b2  ADC10CTL1                          
00000048  ADC10DTC0                          
00000049  ADC10DTC1                          
000001b4  ADC10MEM                           
000001bc  ADC10SA                            
00000057  BCSCTL1                            
00000058  BCSCTL2                            
00000053  BCSCTL3                            
0000cc60  C$$EXIT                            
00000059  CACTL1                             
0000005a  CACTL2                             
000010fb  CALBC1_12MHZ                       
000010f9  CALBC1_16MHZ                       
000010ff  CALBC1_1MHZ                        
000010fd  CALBC1_8MHZ                        
000010fa  CALDCO_12MHZ                       
000010f8  CALDCO_16MHZ                       
000010fe  CALDCO_1MHZ                        
000010fc  CALDCO_8MHZ                        
0000005b  CAPD                               
00000056  DCOCTL                             
00000128  FCTL1                              
0000012a  FCTL2                              
0000012c  FCTL3                              
00000000  IE1                                
00000001  IE2                                
00000002  IFG1                               
00000003  IFG2                               
00000022  P1DIR                              
00000025  P1IE                               
00000024  P1IES                              
00000023  P1IFG                              
00000020  P1IN                               
00000021  P1OUT                              
00000027  P1REN                              
00000026  P1SEL                              
00000041  P1SEL2                             
0000002a  P2DIR                              
0000002d  P2IE                               
0000002c  P2IES                              
0000002b  P2IFG                              
00000028  P2IN                               
00000029  P2OUT                              
0000002f  P2REN                              
0000002e  P2SEL                              
00000042  P2SEL2                             
0000001a  P3DIR                              
00000018  P3IN                               
00000019  P3OUT                              
00000010  P3REN                              
0000001b  P3SEL                              
00000043  P3SEL2                             
00000172  TA0CCR0                            
00000174  TA0CCR1                            
00000176  TA0CCR2                            
00000162  TA0CCTL0                           
00000164  TA0CCTL1                           
00000166  TA0CCTL2                           
00000160  TA0CTL                             
0000012e  TA0IV                              
00000170  TA0R                               
00000192  TA1CCR0                            
00000194  TA1CCR1                            
00000196  TA1CCR2                            
00000182  TA1CCTL0                           
00000184  TA1CCTL1                           
00000186  TA1CCTL2                           
00000180  TA1CTL                             
0000011e  TA1IV                              
00000190  TA1R                               
000010db  TLV_ADC10_1_LEN                    
000010da  TLV_ADC10_1_TAG                    
000010c0  TLV_CHECKSUM                       
000010f7  TLV_DCO_30_LEN                     
000010f6  TLV_DCO_30_TAG                     
0000005d  UCA0ABCTL                          
00000062  UCA0BR0                            
00000063  UCA0BR1                            
00000060  UCA0CTL0                           
00000061  UCA0CTL1                           
0000005f  UCA0IRRCTL                         
0000005e  UCA0IRTCTL                         
00000064  UCA0MCTL                           
00000066  UCA0RXBUF                          
00000065  UCA0STAT                           
00000067  UCA0TXBUF                          
0000006a  UCB0BR0                            
0000006b  UCB0BR1                            
00000068  UCB0CTL0                           
00000069  UCB0CTL1                           
0000006c  UCB0I2CIE                          
00000118  UCB0I2COA                          
0000011a  UCB0I2CSA                          
0000006e  UCB0RXBUF                          
0000006d  UCB0STAT                           
0000006f  UCB0TXBUF                          
00000120  WDTCTL                             
00000210  Wire                               
0000cb9e  _Z6Port_1v                         
0000cc40  _ZN3I2C15endTransmissionEv         
0000cb64  _ZN3I2C17beginTransmissionEi       
0000cae0  _ZN3I2C5beginEv                    
0000cbb6  _ZN3I2C5writeEhj                   
0000c828  _ZN7SSD130610OLED_beginEv          
0000c6f2  _ZN7SSD130610clean_areaEhhhh       
0000c5bc  _ZN7SSD130610set_cursorEhh         
0000c886  _ZN7SSD130610write_charEhhhh       
0000c000  _ZN7SSD130611draw_bitmapEiijjPKc   
0000c75c  _ZN7SSD130612fill_displayEhhh      
0000c92a  _ZN7SSD130612string_typerEhhPKchj  
0000c970  _ZN7SSD130614write_h_stringEhhPKch 
0000c7c4  _ZN7SSD130615draw_string_sinEiiPKch
0000c9b4  _ZN7SSD130615send_data_arrayEPKch  
0000c26c  _ZN7SSD130617convert_font_sizeEhhhh
0000ca3a  _ZN7SSD130619scene_00_typer_helpEhh
0000ca76  _ZN7SSD13065delayEj                
0000cc4c  _ZN7SSD13067get_absEi              
0000cab2  _ZN7SSD13067get_sinEi              
00000400  __STACK_END                        
00000050  __STACK_SIZE                       
0000cf80  __TI_CINIT_Base                    
0000cf88  __TI_CINIT_Limit                   
0000cf76  __TI_Handler_Table_Base            
0000cf7c  __TI_Handler_Table_Limit           
0000cc58  __TI_ISR_TRAP                      
0000c9f8  __TI_auto_init_nobinit_nopinit     
0000c676  __TI_decompress_lzss               
0000cc0c  __TI_decompress_none               
0000ffe0  __TI_int00                         
0000ffe4  __TI_int02                         
0000ffe6  __TI_int03                         
0000ffea  __TI_int05                         
0000ffec  __TI_int06                         
0000ffee  __TI_int07                         
0000fff0  __TI_int08                         
0000fff2  __TI_int09                         
0000fff4  __TI_int10                         
0000fff6  __TI_int11                         
0000fff8  __TI_int12                         
0000fffa  __TI_int13                         
0000fffc  __TI_int14                         
ffffffff  __TI_pprof_out_hndl                
ffffffff  __TI_prof_data_size                
ffffffff  __TI_prof_data_start               
0000cbe4  __TI_zero_init_nomemset            
ffffffff  __c_args__                         
0000cb0c  __mspabi_divi                      
0000cbce  __mspabi_divu                      
0000cc3c  __mspabi_func_epilog_1             
0000cc3a  __mspabi_func_epilog_2             
0000cc38  __mspabi_func_epilog_3             
0000cc36  __mspabi_func_epilog_4             
0000cc34  __mspabi_func_epilog_5             
0000cc32  __mspabi_func_epilog_6             
0000cc30  __mspabi_func_epilog_7             
0000cbf8  __mspabi_mpyi                      
0000cbf8  __mspabi_mpyi_sw                   
0000cb0c  __mspabi_remi                      
0000cbce  __mspabi_remu                      
0000cb38  __mspabi_slli                      
0000cb60  __mspabi_slli_1                    
0000cb4e  __mspabi_slli_10                   
0000cb4c  __mspabi_slli_11                   
0000cb4a  __mspabi_slli_12                   
0000cb48  __mspabi_slli_13                   
0000cb46  __mspabi_slli_14                   
0000cb44  __mspabi_slli_15                   
0000cb5e  __mspabi_slli_2                    
0000cb5c  __mspabi_slli_3                    
0000cb5a  __mspabi_slli_4                    
0000cb58  __mspabi_slli_5                    
0000cb56  __mspabi_slli_6                    
0000cb54  __mspabi_slli_7                    
0000cb52  __mspabi_slli_8                    
0000cb50  __mspabi_slli_9                    
0000c8de  __mspabi_srli                      
0000c924  __mspabi_srli_1                    
0000c900  __mspabi_srli_10                   
0000c8fc  __mspabi_srli_11                   
0000c8f8  __mspabi_srli_12                   
0000c8f4  __mspabi_srli_13                   
0000c8f0  __mspabi_srli_14                   
0000c8ec  __mspabi_srli_15                   
0000c920  __mspabi_srli_2                    
0000c91c  __mspabi_srli_3                    
0000c918  __mspabi_srli_4                    
0000c914  __mspabi_srli_5                    
0000c910  __mspabi_srli_6                    
0000c90c  __mspabi_srli_7                    
0000c908  __mspabi_srli_8                    
0000c904  __mspabi_srli_9                    
0000cb82  _c_int00_noargs                    
0000fffe  _reset_vector                      
000003b0  _stack                             
0000cc6a  _system_post_cinit                 
0000cc66  _system_pre_init                   
0000cc60  abort                              
00000211  bit_num                            
00000212  byte                               
00000213  ft                                 
0000020c  h_index                            
0000c446  main                               
0000cc1e  memcpy                             
0000020e  w_index                            
00000200  x                                  
00000204  x1                                 
00000208  x2                                 
00000202  y                                  
00000206  y1                                 
0000020a  y2                                 


GLOBAL SYMBOLS: SORTED BY Symbol Address 

address   name                               
-------   ----                               
00000000  IE1                                
00000001  IE2                                
00000002  IFG1                               
00000003  IFG2                               
00000010  P3REN                              
00000018  P3IN                               
00000019  P3OUT                              
0000001a  P3DIR                              
0000001b  P3SEL                              
00000020  P1IN                               
00000021  P1OUT                              
00000022  P1DIR                              
00000023  P1IFG                              
00000024  P1IES                              
00000025  P1IE                               
00000026  P1SEL                              
00000027  P1REN                              
00000028  P2IN                               
00000029  P2OUT                              
0000002a  P2DIR                              
0000002b  P2IFG                              
0000002c  P2IES                              
0000002d  P2IE                               
0000002e  P2SEL                              
0000002f  P2REN                              
00000041  P1SEL2                             
00000042  P2SEL2                             
00000043  P3SEL2                             
00000048  ADC10DTC0                          
00000049  ADC10DTC1                          
0000004a  ADC10AE0                           
00000050  __STACK_SIZE                       
00000053  BCSCTL3                            
00000056  DCOCTL                             
00000057  BCSCTL1                            
00000058  BCSCTL2                            
00000059  CACTL1                             
0000005a  CACTL2                             
0000005b  CAPD                               
0000005d  UCA0ABCTL                          
0000005e  UCA0IRTCTL                         
0000005f  UCA0IRRCTL                         
00000060  UCA0CTL0                           
00000061  UCA0CTL1                           
00000062  UCA0BR0                            
00000063  UCA0BR1                            
00000064  UCA0MCTL                           
00000065  UCA0STAT                           
00000066  UCA0RXBUF                          
00000067  UCA0TXBUF                          
00000068  UCB0CTL0                           
00000069  UCB0CTL1                           
0000006a  UCB0BR0                            
0000006b  UCB0BR1                            
0000006c  UCB0I2CIE                          
0000006d  UCB0STAT                           
0000006e  UCB0RXBUF                          
0000006f  UCB0TXBUF                          
00000118  UCB0I2COA                          
0000011a  UCB0I2CSA                          
0000011e  TA1IV                              
00000120  WDTCTL                             
00000128  FCTL1                              
0000012a  FCTL2                              
0000012c  FCTL3                              
0000012e  TA0IV                              
00000160  TA0CTL                             
00000162  TA0CCTL0                           
00000164  TA0CCTL1                           
00000166  TA0CCTL2                           
00000170  TA0R                               
00000172  TA0CCR0                            
00000174  TA0CCR1                            
00000176  TA0CCR2                            
00000180  TA1CTL                             
00000182  TA1CCTL0                           
00000184  TA1CCTL1                           
00000186  TA1CCTL2                           
00000190  TA1R                               
00000192  TA1CCR0                            
00000194  TA1CCR1                            
00000196  TA1CCR2                            
000001b0  ADC10CTL0                          
000001b2  ADC10CTL1                          
000001b4  ADC10MEM                           
000001bc  ADC10SA                            
00000200  x                                  
00000202  y                                  
00000204  x1                                 
00000206  y1                                 
00000208  x2                                 
0000020a  y2                                 
0000020c  h_index                            
0000020e  w_index                            
00000210  Wire                               
00000211  bit_num                            
00000212  byte                               
00000213  ft                                 
000003b0  _stack                             
00000400  __STACK_END                        
000010c0  TLV_CHECKSUM                       
000010da  TLV_ADC10_1_TAG                    
000010db  TLV_ADC10_1_LEN                    
000010f6  TLV_DCO_30_TAG                     
000010f7  TLV_DCO_30_LEN                     
000010f8  CALDCO_16MHZ                       
000010f9  CALBC1_16MHZ                       
000010fa  CALDCO_12MHZ                       
000010fb  CALBC1_12MHZ                       
000010fc  CALDCO_8MHZ                        
000010fd  CALBC1_8MHZ                        
000010fe  CALDCO_1MHZ                        
000010ff  CALBC1_1MHZ                        
0000c000  _ZN7SSD130611draw_bitmapEiijjPKc   
0000c26c  _ZN7SSD130617convert_font_sizeEhhhh
0000c446  main                               
0000c5bc  _ZN7SSD130610set_cursorEhh         
0000c676  __TI_decompress_lzss               
0000c6f2  _ZN7SSD130610clean_areaEhhhh       
0000c75c  _ZN7SSD130612fill_displayEhhh      
0000c7c4  _ZN7SSD130615draw_string_sinEiiPKch
0000c828  _ZN7SSD130610OLED_beginEv          
0000c886  _ZN7SSD130610write_charEhhhh       
0000c8de  __mspabi_srli                      
0000c8ec  __mspabi_srli_15                   
0000c8f0  __mspabi_srli_14                   
0000c8f4  __mspabi_srli_13                   
0000c8f8  __mspabi_srli_12                   
0000c8fc  __mspabi_srli_11                   
0000c900  __mspabi_srli_10                   
0000c904  __mspabi_srli_9                    
0000c908  __mspabi_srli_8                    
0000c90c  __mspabi_srli_7                    
0000c910  __mspabi_srli_6                    
0000c914  __mspabi_srli_5                    
0000c918  __mspabi_srli_4                    
0000c91c  __mspabi_srli_3                    
0000c920  __mspabi_srli_2                    
0000c924  __mspabi_srli_1                    
0000c92a  _ZN7SSD130612string_typerEhhPKchj  
0000c970  _ZN7SSD130614write_h_stringEhhPKch 
0000c9b4  _ZN7SSD130615send_data_arrayEPKch  
0000c9f8  __TI_auto_init_nobinit_nopinit     
0000ca3a  _ZN7SSD130619scene_00_typer_helpEhh
0000ca76  _ZN7SSD13065delayEj                
0000cab2  _ZN7SSD13067get_sinEi              
0000cae0  _ZN3I2C5beginEv                    
0000cb0c  __mspabi_divi                      
0000cb0c  __mspabi_remi                      
0000cb38  __mspabi_slli                      
0000cb44  __mspabi_slli_15                   
0000cb46  __mspabi_slli_14                   
0000cb48  __mspabi_slli_13                   
0000cb4a  __mspabi_slli_12                   
0000cb4c  __mspabi_slli_11                   
0000cb4e  __mspabi_slli_10                   
0000cb50  __mspabi_slli_9                    
0000cb52  __mspabi_slli_8                    
0000cb54  __mspabi_slli_7                    
0000cb56  __mspabi_slli_6                    
0000cb58  __mspabi_slli_5                    
0000cb5a  __mspabi_slli_4                    
0000cb5c  __mspabi_slli_3                    
0000cb5e  __mspabi_slli_2                    
0000cb60  __mspabi_slli_1                    
0000cb64  _ZN3I2C17beginTransmissionEi       
0000cb82  _c_int00_noargs                    
0000cb9e  _Z6Port_1v                         
0000cbb6  _ZN3I2C5writeEhj                   
0000cbce  __mspabi_divu                      
0000cbce  __mspabi_remu                      
0000cbe4  __TI_zero_init_nomemset            
0000cbf8  __mspabi_mpyi                      
0000cbf8  __mspabi_mpyi_sw                   
0000cc0c  __TI_decompress_none               
0000cc1e  memcpy                             
0000cc30  __mspabi_func_epilog_7             
0000cc32  __mspabi_func_epilog_6             
0000cc34  __mspabi_func_epilog_5             
0000cc36  __mspabi_func_epilog_4             
0000cc38  __mspabi_func_epilog_3             
0000cc3a  __mspabi_func_epilog_2             
0000cc3c  __mspabi_func_epilog_1             
0000cc40  _ZN3I2C15endTransmissionEv         
0000cc4c  _ZN7SSD13067get_absEi              
0000cc58  __TI_ISR_TRAP                      
0000cc60  C$$EXIT                            
0000cc60  abort                              
0000cc66  _system_pre_init                   
0000cc6a  _system_post_cinit                 
0000cf76  __TI_Handler_Table_Base            
0000cf7c  __TI_Handler_Table_Limit           
0000cf80  __TI_CINIT_Base                    
0000cf88  __TI_CINIT_Limit                   
0000ffe0  __TI_int00                         
0000ffe4  __TI_int02                         
0000ffe6  __TI_int03                         
0000ffea  __TI_int05                         
0000ffec  __TI_int06                         
0000ffee  __TI_int07                         
0000fff0  __TI_int08                         
0000fff2  __TI_int09                         
0000fff4  __TI_int10                         
0000fff6  __TI_int11                         
0000fff8  __TI_int12                         
0000fffa  __TI_int13                         
0000fffc  __TI_int14                         
0000fffe  _reset_vector                      
ffffffff  __TI_pprof_out_hndl                
ffffffff  __TI_prof_data_size                
ffffffff  __TI_prof_data_start               
ffffffff  __c_args__                         

[212 symbols]
