******************************************************************************
                  MSP430 Linker Unix v18.12.2                  
******************************************************************************
>> Linked Tue Jul 30 05:22:46 2019

OUTPUT FILE NAME:   <Display_OLED_I2C.out>
ENTRY POINT SYMBOL: "_c_int00_noargs"  address: 0000d100


MEMORY CONFIGURATION

         name            origin    length      used     unused   attr    fill
----------------------  --------  ---------  --------  --------  ----  --------
  SFR                   00000000   00000010  00000000  00000010  RWIX
  PERIPHERALS_8BIT      00000010   000000f0  00000000  000000f0  RWIX
  PERIPHERALS_16BIT     00000100   00000100  00000000  00000100  RWIX
  RAM                   00000200   00000200  00000064  0000019c  RWIX
  INFOD                 00001000   00000040  00000000  00000040  RWIX
  INFOC                 00001040   00000040  00000000  00000040  RWIX
  INFOB                 00001080   00000040  00000000  00000040  RWIX
  INFOA                 000010c0   00000040  00000000  00000040  RWIX
  FLASH                 0000c000   00003fde  00001ca1  0000233d  RWIX
  BSLSIGNATURE          0000ffde   00000002  00000002  00000000  RWIX  ffff 
  INT00                 0000ffe0   00000002  00000002  00000000  RWIX
  INT01                 0000ffe2   00000002  00000000  00000002  RWIX
  INT02                 0000ffe4   00000002  00000002  00000000  RWIX
  INT03                 0000ffe6   00000002  00000002  00000000  RWIX
  INT04                 0000ffe8   00000002  00000000  00000002  RWIX
  INT05                 0000ffea   00000002  00000002  00000000  RWIX
  INT06                 0000ffec   00000002  00000002  00000000  RWIX
  INT07                 0000ffee   00000002  00000002  00000000  RWIX
  INT08                 0000fff0   00000002  00000002  00000000  RWIX
  INT09                 0000fff2   00000002  00000002  00000000  RWIX
  INT10                 0000fff4   00000002  00000002  00000000  RWIX
  INT11                 0000fff6   00000002  00000002  00000000  RWIX
  INT12                 0000fff8   00000002  00000002  00000000  RWIX
  INT13                 0000fffa   00000002  00000002  00000000  RWIX
  INT14                 0000fffc   00000002  00000002  00000000  RWIX
  RESET                 0000fffe   00000002  00000002  00000000  RWIX


SECTION ALLOCATION MAP

 output                                  attributes/
section   page    origin      length       input sections
--------  ----  ----------  ----------   ----------------
.data      0    00000200    0000000c     UNINITIALIZED
                  00000200    0000000c     main.obj (.data)

.bss       0    0000020c    00000008     UNINITIALIZED
                  0000020c    00000002     (.common:h_index)
                  0000020e    00000002     (.common:w_index)
                  00000210    00000001     (.common:Wire)
                  00000211    00000001     (.common:bit_num)
                  00000212    00000001     (.common:byte)
                  00000213    00000001     (.common:ft)

.stack     0    000003b0    00000050     UNINITIALIZED
                  000003b0    00000002     rts430_eabi.lib : boot.c.obj (.stack)
                  000003b2    0000004e     --HOLE--

.text      0    0000c000    000011e2     
                  0000c000    00000582     main.obj (.text:main)
                  0000c582    0000026c     SSD1306.obj (.text:_ZN7SSD130611draw_bitmapEiijjPKc)
                  0000c7ee    000001da     SSD1306.obj (.text:_ZN7SSD130617convert_font_sizeEhhhh)
                  0000c9c8    000000a2     SSD1306.obj (.text:_ZN7SSD130610set_cursorEhh)
                  0000ca6a    00000098     SSD1306.obj (.text:_ZN7SSD130610bouncy_bmpEijjjjPKc)
                  0000cb02    00000084     SSD1306.obj (.text:_ZN7SSD130611draw_stringEiiPKc)
                  0000cb86    0000007c     rts430_eabi.lib : copy_decompress_lzss.c.obj (.text:decompress:lzss:__TI_decompress_lzss)
                  0000cc02    0000006e     SSD1306.obj (.text:_ZN7SSD130621draw_string_sin_fixedEiiPKcjh)
                  0000cc70    0000006a     SSD1306.obj (.text:_ZN7SSD130610clean_areaEhhhh)
                  0000ccda    00000068     SSD1306.obj (.text:_ZN7SSD130612fill_displayEhhh)
                  0000cd42    00000064     SSD1306.obj (.text:_ZN7SSD130615draw_string_sinEiiPKch)
                  0000cda6    0000005e     SSD1306.obj (.text:_ZN7SSD130610OLED_beginEv)
                  0000ce04    00000058     SSD1306.obj (.text:_ZN7SSD130610write_charEhhhh)
                  0000ce5c    0000004c     rts430_eabi.lib : lsr16.asm.obj (.text)
                  0000cea8    00000046     SSD1306.obj (.text:_ZN7SSD130612string_typerEhhPKchj)
                  0000ceee    00000044     SSD1306.obj (.text:_ZN7SSD130614write_h_stringEhhPKch)
                  0000cf32    00000044     SSD1306.obj (.text:_ZN7SSD130615send_data_arrayEPKch)
                  0000cf76    00000042     rts430_eabi.lib : autoinit.c.obj (.text:__TI_auto_init_nobinit_nopinit:__TI_auto_init_nobinit_nopinit)
                  0000cfb8    0000003c     SSD1306.obj (.text:_ZN7SSD130619scene_00_typer_helpEhh)
                  0000cff4    0000003c     SSD1306.obj (.text:_ZN7SSD13065delayEj)
                  0000d030    0000002e     SSD1306.obj (.text:_ZN7SSD13067get_sinEi)
                  0000d05e    0000002c     I2C.obj (.text:_ZN3I2C5beginEv)
                  0000d08a    0000002c     rts430_eabi.lib : div16s.asm.obj (.text)
                  0000d0b6    0000002c                     : lsl16.asm.obj (.text)
                  0000d0e2    0000001e     I2C.obj (.text:_ZN3I2C17beginTransmissionEi)
                  0000d100    0000001c     rts430_eabi.lib : boot.c.obj (.text:_c_int00_noargs)
                  0000d11c    00000018     I2C.obj (.text:_ZN3I2C5writeEhj)
                  0000d134    00000016     rts430_eabi.lib : div16u.asm.obj (.text)
                  0000d14a    00000014                     : copy_zero_init.c.obj (.text:decompress:ZI:__TI_zero_init_nomemset:__TI_zero_init_nomemset)
                  0000d15e    00000014                     : mult16.asm.obj (.text)
                  0000d172    00000012                     : copy_decompress_none.c.obj (.text:decompress:none:__TI_decompress_none)
                  0000d184    00000012                     : memcpy.c.obj (.text:memcpy)
                  0000d196    00000010     main.obj (.text:_Z6Port_1v)
                  0000d1a6    00000010     rts430_eabi.lib : epilog.asm.obj (.text)
                  0000d1b6    0000000c     I2C.obj (.text:_ZN3I2C15endTransmissionEv)
                  0000d1c2    0000000c     SSD1306.obj (.text:_ZN7SSD13067get_absEi)
                  0000d1ce    00000008     rts430_eabi.lib : isr_trap.asm.obj (.text:_isr:__TI_ISR_TRAP)
                  0000d1d6    00000006                     : exit.c.obj (.text:abort)
                  0000d1dc    00000004                     : pre_init.c.obj (.text:_system_pre_init)
                  0000d1e0    00000002                     : startup.c.obj (.text:_system_post_cinit)

.const     0    0000d1e2    00000aa1     
                  0000d1e2    00000492     main.obj (.const:.string:cityb)
                  0000d674    00000280     SSD1306.obj (.const:ascii_table)
                  0000d8f4    00000148     main.obj (.const:.string:baabis)
                  0000da3c    000000a0     main.obj (.const:.string:smiley1b)
                  0000dadc    00000053     main.obj (.const:.string:str_scene01_0)
                  0000db2f    00000001     --HOLE-- [fill = 0]
                  0000db30    0000004e     SSD1306.obj (.const:.string:sine_array)
                  0000db7e    00000045     main.obj (.const:.string:str_scene05_0)
                  0000dbc3    00000001     --HOLE-- [fill = 0]
                  0000dbc4    0000001a     main.obj (.const:.string:str_scene04_0)
                  0000dbde    00000019     SSD1306.obj (.const:.string:init_cmd_array)
                  0000dbf7    00000001     --HOLE-- [fill = 0]
                  0000dbf8    00000012     main.obj (.const:.string:str_scene04_1)
                  0000dc0a    00000010     main.obj (.const:.string:str_scene00_2)
                  0000dc1a    00000010     main.obj (.const:.string:str_scene05_4)
                  0000dc2a    0000000f     main.obj (.const:.string:str_scene05_2)
                  0000dc39    00000001     --HOLE-- [fill = 0]
                  0000dc3a    0000000f     main.obj (.const:.string:str_scene05_3)
                  0000dc49    00000001     --HOLE-- [fill = 0]
                  0000dc4a    0000000e     main.obj (.const:.string:str_scene03_0)
                  0000dc58    0000000d     main.obj (.const:.string:str_scene05_1)
                  0000dc65    00000001     --HOLE-- [fill = 0]
                  0000dc66    00000009     main.obj (.const:.string:str_scene02_0)
                  0000dc6f    00000001     --HOLE-- [fill = 0]
                  0000dc70    00000008     main.obj (.const:.string:str_scene05_5)
                  0000dc78    00000006     main.obj (.const:.string:str_scene00_1)
                  0000dc7e    00000005     SSD1306.obj (.const:.string:str_scene00_0)

.cinit     0    0000dc84    0000001e     
                  0000dc84    0000000c     (.cinit..data.load) [load image, compression = lzss]
                  0000dc90    00000006     (__TI_handler_table)
                  0000dc96    00000004     (.cinit..bss.load) [load image, compression = zero_init]
                  0000dc9a    00000008     (__TI_cinit_table)

.binit     0    0000c000    00000000     

.init_array 
*          0    0000c000    00000000     UNINITIALIZED

TRAPINT    0    0000ffe0    00000002     
                  0000ffe0    00000002     rts430_eabi.lib : int00.asm.obj (.int00)

PORT1      0    0000ffe4    00000002     
                  0000ffe4    00000002     main.obj (.int02)

PORT2      0    0000ffe6    00000002     
                  0000ffe6    00000002     rts430_eabi.lib : int03.asm.obj (.int03)

ADC10      0    0000ffea    00000002     
                  0000ffea    00000002     rts430_eabi.lib : int05.asm.obj (.int05)

USCIAB0TX 
*          0    0000ffec    00000002     
                  0000ffec    00000002     rts430_eabi.lib : int06.asm.obj (.int06)

USCIAB0RX 
*          0    0000ffee    00000002     
                  0000ffee    00000002     rts430_eabi.lib : int07.asm.obj (.int07)

TIMER0_A1 
*          0    0000fff0    00000002     
                  0000fff0    00000002     rts430_eabi.lib : int08.asm.obj (.int08)

TIMER0_A0 
*          0    0000fff2    00000002     
                  0000fff2    00000002     rts430_eabi.lib : int09.asm.obj (.int09)

WDT        0    0000fff4    00000002     
                  0000fff4    00000002     rts430_eabi.lib : int10.asm.obj (.int10)

COMPARATORA 
*          0    0000fff6    00000002     
                  0000fff6    00000002     rts430_eabi.lib : int11.asm.obj (.int11)

TIMER1_A1 
*          0    0000fff8    00000002     
                  0000fff8    00000002     rts430_eabi.lib : int12.asm.obj (.int12)

TIMER1_A0 
*          0    0000fffa    00000002     
                  0000fffa    00000002     rts430_eabi.lib : int13.asm.obj (.int13)

NMI        0    0000fffc    00000002     
                  0000fffc    00000002     rts430_eabi.lib : int14.asm.obj (.int14)

.reset     0    0000fffe    00000002     
                  0000fffe    00000002     rts430_eabi.lib : boot.c.obj (.reset)

$fill000   0    0000ffde    00000002     
                  0000ffde    00000002     --HOLE-- [fill = ffff]

MODULE SUMMARY

       Module                       code   ro data   rw data
       ------                       ----   -------   -------
    ./
       main.obj                     1426   1968      13     
       SSD1306.obj                  2526   748       7      
       I2C.obj                      110    0         0      
    +--+----------------------------+------+---------+---------+
       Total:                       4062   2716      20     
                                                            
    /Applications/ti/ccs900/ccs/tools/compiler/ti-cgt-msp430_18.12.2.LTS/lib/rts430_eabi.lib
       copy_decompress_lzss.c.obj   124    0         0      
       lsr16.asm.obj                76     0         0      
       autoinit.c.obj               66     0         0      
       div16s.asm.obj               44     0         0      
       lsl16.asm.obj                44     0         0      
       boot.c.obj                   28     2         0      
       div16u.asm.obj               22     0         0      
       copy_zero_init.c.obj         20     0         0      
       mult16.asm.obj               20     0         0      
       copy_decompress_none.c.obj   18     0         0      
       memcpy.c.obj                 18     0         0      
       epilog.asm.obj               16     0         0      
       isr_trap.asm.obj             8      0         0      
       exit.c.obj                   6      0         0      
       pre_init.c.obj               4      0         0      
       int00.asm.obj                0      2         0      
       int03.asm.obj                0      2         0      
       int05.asm.obj                0      2         0      
       int06.asm.obj                0      2         0      
       int07.asm.obj                0      2         0      
       int08.asm.obj                0      2         0      
       int09.asm.obj                0      2         0      
       int10.asm.obj                0      2         0      
       int11.asm.obj                0      2         0      
       int12.asm.obj                0      2         0      
       int13.asm.obj                0      2         0      
       int14.asm.obj                0      2         0      
       startup.c.obj                2      0         0      
    +--+----------------------------+------+---------+---------+
       Total:                       516    26        0      
                                                            
       Stack:                       0      0         80     
       Linker Generated:            0      30        0      
    +--+----------------------------+------+---------+---------+
       Grand Total:                 4578   2772      100    


LINKER GENERATED COPY TABLES

__TI_cinit_table @ 0000dc9a records: 2, size/record: 4, table size: 8
	.data: load addr=0000dc84, load size=0000000c bytes, run addr=00000200, run size=0000000c bytes, compression=lzss
	.bss: load addr=0000dc96, load size=00000004 bytes, run addr=0000020c, run size=00000008 bytes, compression=zero_init


LINKER GENERATED HANDLER TABLE

__TI_handler_table @ 0000dc90 records: 3, size/record: 2, table size: 6
	index: 0, handler: __TI_zero_init
	index: 1, handler: __TI_decompress_lzss
	index: 2, handler: __TI_decompress_none


GLOBAL SYMBOLS: SORTED ALPHABETICALLY BY Name 

address   name                                      
-------   ----                                      
0000004a  ADC10AE0                                  
000001b0  ADC10CTL0                                 
000001b2  ADC10CTL1                                 
00000048  ADC10DTC0                                 
00000049  ADC10DTC1                                 
000001b4  ADC10MEM                                  
000001bc  ADC10SA                                   
00000057  BCSCTL1                                   
00000058  BCSCTL2                                   
00000053  BCSCTL3                                   
0000d1d6  C$$EXIT                                   
00000059  CACTL1                                    
0000005a  CACTL2                                    
000010fb  CALBC1_12MHZ                              
000010f9  CALBC1_16MHZ                              
000010ff  CALBC1_1MHZ                               
000010fd  CALBC1_8MHZ                               
000010fa  CALDCO_12MHZ                              
000010f8  CALDCO_16MHZ                              
000010fe  CALDCO_1MHZ                               
000010fc  CALDCO_8MHZ                               
0000005b  CAPD                                      
00000056  DCOCTL                                    
00000128  FCTL1                                     
0000012a  FCTL2                                     
0000012c  FCTL3                                     
00000000  IE1                                       
00000001  IE2                                       
00000002  IFG1                                      
00000003  IFG2                                      
00000022  P1DIR                                     
00000025  P1IE                                      
00000024  P1IES                                     
00000023  P1IFG                                     
00000020  P1IN                                      
00000021  P1OUT                                     
00000027  P1REN                                     
00000026  P1SEL                                     
00000041  P1SEL2                                    
0000002a  P2DIR                                     
0000002d  P2IE                                      
0000002c  P2IES                                     
0000002b  P2IFG                                     
00000028  P2IN                                      
00000029  P2OUT                                     
0000002f  P2REN                                     
0000002e  P2SEL                                     
00000042  P2SEL2                                    
0000001a  P3DIR                                     
00000018  P3IN                                      
00000019  P3OUT                                     
00000010  P3REN                                     
0000001b  P3SEL                                     
00000043  P3SEL2                                    
00000172  TA0CCR0                                   
00000174  TA0CCR1                                   
00000176  TA0CCR2                                   
00000162  TA0CCTL0                                  
00000164  TA0CCTL1                                  
00000166  TA0CCTL2                                  
00000160  TA0CTL                                    
0000012e  TA0IV                                     
00000170  TA0R                                      
00000192  TA1CCR0                                   
00000194  TA1CCR1                                   
00000196  TA1CCR2                                   
00000182  TA1CCTL0                                  
00000184  TA1CCTL1                                  
00000186  TA1CCTL2                                  
00000180  TA1CTL                                    
0000011e  TA1IV                                     
00000190  TA1R                                      
000010db  TLV_ADC10_1_LEN                           
000010da  TLV_ADC10_1_TAG                           
000010c0  TLV_CHECKSUM                              
000010f7  TLV_DCO_30_LEN                            
000010f6  TLV_DCO_30_TAG                            
0000005d  UCA0ABCTL                                 
00000062  UCA0BR0                                   
00000063  UCA0BR1                                   
00000060  UCA0CTL0                                  
00000061  UCA0CTL1                                  
0000005f  UCA0IRRCTL                                
0000005e  UCA0IRTCTL                                
00000064  UCA0MCTL                                  
00000066  UCA0RXBUF                                 
00000065  UCA0STAT                                  
00000067  UCA0TXBUF                                 
0000006a  UCB0BR0                                   
0000006b  UCB0BR1                                   
00000068  UCB0CTL0                                  
00000069  UCB0CTL1                                  
0000006c  UCB0I2CIE                                 
00000118  UCB0I2COA                                 
0000011a  UCB0I2CSA                                 
0000006e  UCB0RXBUF                                 
0000006d  UCB0STAT                                  
0000006f  UCB0TXBUF                                 
00000120  WDTCTL                                    
00000210  Wire                                      
0000d196  _Z6Port_1v                                
0000d1b6  _ZN3I2C15endTransmissionEv                
0000d0e2  _ZN3I2C17beginTransmissionEi              
0000d05e  _ZN3I2C5beginEv                           
0000d11c  _ZN3I2C5writeEhj                          
0000cda6  _ZN7SSD130610OLED_beginEv                 
0000ca6a  _ZN7SSD130610bouncy_bmpEijjjjPKc          
0000cc70  _ZN7SSD130610clean_areaEhhhh              
0000c9c8  _ZN7SSD130610set_cursorEhh                
0000ce04  _ZN7SSD130610write_charEhhhh              
0000c582  _ZN7SSD130611draw_bitmapEiijjPKc          
0000cb02  _ZN7SSD130611draw_stringEiiPKc            
0000ccda  _ZN7SSD130612fill_displayEhhh             
0000cea8  _ZN7SSD130612string_typerEhhPKchj         
0000ceee  _ZN7SSD130614write_h_stringEhhPKch        
0000cd42  _ZN7SSD130615draw_string_sinEiiPKch       
0000cf32  _ZN7SSD130615send_data_arrayEPKch         
0000c7ee  _ZN7SSD130617convert_font_sizeEhhhh       
0000cfb8  _ZN7SSD130619scene_00_typer_helpEhh       
0000cc02  _ZN7SSD130621draw_string_sin_fixedEiiPKcjh
0000cff4  _ZN7SSD13065delayEj                       
0000d1c2  _ZN7SSD13067get_absEi                     
0000d030  _ZN7SSD13067get_sinEi                     
00000400  __STACK_END                               
00000050  __STACK_SIZE                              
0000dc9a  __TI_CINIT_Base                           
0000dca2  __TI_CINIT_Limit                          
0000dc90  __TI_Handler_Table_Base                   
0000dc96  __TI_Handler_Table_Limit                  
0000d1ce  __TI_ISR_TRAP                             
0000cf76  __TI_auto_init_nobinit_nopinit            
0000cb86  __TI_decompress_lzss                      
0000d172  __TI_decompress_none                      
0000ffe0  __TI_int00                                
0000ffe4  __TI_int02                                
0000ffe6  __TI_int03                                
0000ffea  __TI_int05                                
0000ffec  __TI_int06                                
0000ffee  __TI_int07                                
0000fff0  __TI_int08                                
0000fff2  __TI_int09                                
0000fff4  __TI_int10                                
0000fff6  __TI_int11                                
0000fff8  __TI_int12                                
0000fffa  __TI_int13                                
0000fffc  __TI_int14                                
ffffffff  __TI_pprof_out_hndl                       
ffffffff  __TI_prof_data_size                       
ffffffff  __TI_prof_data_start                      
0000d14a  __TI_zero_init_nomemset                   
ffffffff  __c_args__                                
0000d08a  __mspabi_divi                             
0000d134  __mspabi_divu                             
0000d1b2  __mspabi_func_epilog_1                    
0000d1b0  __mspabi_func_epilog_2                    
0000d1ae  __mspabi_func_epilog_3                    
0000d1ac  __mspabi_func_epilog_4                    
0000d1aa  __mspabi_func_epilog_5                    
0000d1a8  __mspabi_func_epilog_6                    
0000d1a6  __mspabi_func_epilog_7                    
0000d15e  __mspabi_mpyi                             
0000d15e  __mspabi_mpyi_sw                          
0000d08a  __mspabi_remi                             
0000d134  __mspabi_remu                             
0000d0b6  __mspabi_slli                             
0000d0de  __mspabi_slli_1                           
0000d0cc  __mspabi_slli_10                          
0000d0ca  __mspabi_slli_11                          
0000d0c8  __mspabi_slli_12                          
0000d0c6  __mspabi_slli_13                          
0000d0c4  __mspabi_slli_14                          
0000d0c2  __mspabi_slli_15                          
0000d0dc  __mspabi_slli_2                           
0000d0da  __mspabi_slli_3                           
0000d0d8  __mspabi_slli_4                           
0000d0d6  __mspabi_slli_5                           
0000d0d4  __mspabi_slli_6                           
0000d0d2  __mspabi_slli_7                           
0000d0d0  __mspabi_slli_8                           
0000d0ce  __mspabi_slli_9                           
0000ce5c  __mspabi_srli                             
0000cea2  __mspabi_srli_1                           
0000ce7e  __mspabi_srli_10                          
0000ce7a  __mspabi_srli_11                          
0000ce76  __mspabi_srli_12                          
0000ce72  __mspabi_srli_13                          
0000ce6e  __mspabi_srli_14                          
0000ce6a  __mspabi_srli_15                          
0000ce9e  __mspabi_srli_2                           
0000ce9a  __mspabi_srli_3                           
0000ce96  __mspabi_srli_4                           
0000ce92  __mspabi_srli_5                           
0000ce8e  __mspabi_srli_6                           
0000ce8a  __mspabi_srli_7                           
0000ce86  __mspabi_srli_8                           
0000ce82  __mspabi_srli_9                           
0000d100  _c_int00_noargs                           
0000fffe  _reset_vector                             
000003b0  _stack                                    
0000d1e0  _system_post_cinit                        
0000d1dc  _system_pre_init                          
0000d1d6  abort                                     
00000211  bit_num                                   
00000212  byte                                      
00000213  ft                                        
0000020c  h_index                                   
0000c000  main                                      
0000d184  memcpy                                    
0000020e  w_index                                   
00000200  x                                         
00000204  x1                                        
00000208  x2                                        
00000202  y                                         
00000206  y1                                        
0000020a  y2                                        


GLOBAL SYMBOLS: SORTED BY Symbol Address 

address   name                                      
-------   ----                                      
00000000  IE1                                       
00000001  IE2                                       
00000002  IFG1                                      
00000003  IFG2                                      
00000010  P3REN                                     
00000018  P3IN                                      
00000019  P3OUT                                     
0000001a  P3DIR                                     
0000001b  P3SEL                                     
00000020  P1IN                                      
00000021  P1OUT                                     
00000022  P1DIR                                     
00000023  P1IFG                                     
00000024  P1IES                                     
00000025  P1IE                                      
00000026  P1SEL                                     
00000027  P1REN                                     
00000028  P2IN                                      
00000029  P2OUT                                     
0000002a  P2DIR                                     
0000002b  P2IFG                                     
0000002c  P2IES                                     
0000002d  P2IE                                      
0000002e  P2SEL                                     
0000002f  P2REN                                     
00000041  P1SEL2                                    
00000042  P2SEL2                                    
00000043  P3SEL2                                    
00000048  ADC10DTC0                                 
00000049  ADC10DTC1                                 
0000004a  ADC10AE0                                  
00000050  __STACK_SIZE                              
00000053  BCSCTL3                                   
00000056  DCOCTL                                    
00000057  BCSCTL1                                   
00000058  BCSCTL2                                   
00000059  CACTL1                                    
0000005a  CACTL2                                    
0000005b  CAPD                                      
0000005d  UCA0ABCTL                                 
0000005e  UCA0IRTCTL                                
0000005f  UCA0IRRCTL                                
00000060  UCA0CTL0                                  
00000061  UCA0CTL1                                  
00000062  UCA0BR0                                   
00000063  UCA0BR1                                   
00000064  UCA0MCTL                                  
00000065  UCA0STAT                                  
00000066  UCA0RXBUF                                 
00000067  UCA0TXBUF                                 
00000068  UCB0CTL0                                  
00000069  UCB0CTL1                                  
0000006a  UCB0BR0                                   
0000006b  UCB0BR1                                   
0000006c  UCB0I2CIE                                 
0000006d  UCB0STAT                                  
0000006e  UCB0RXBUF                                 
0000006f  UCB0TXBUF                                 
00000118  UCB0I2COA                                 
0000011a  UCB0I2CSA                                 
0000011e  TA1IV                                     
00000120  WDTCTL                                    
00000128  FCTL1                                     
0000012a  FCTL2                                     
0000012c  FCTL3                                     
0000012e  TA0IV                                     
00000160  TA0CTL                                    
00000162  TA0CCTL0                                  
00000164  TA0CCTL1                                  
00000166  TA0CCTL2                                  
00000170  TA0R                                      
00000172  TA0CCR0                                   
00000174  TA0CCR1                                   
00000176  TA0CCR2                                   
00000180  TA1CTL                                    
00000182  TA1CCTL0                                  
00000184  TA1CCTL1                                  
00000186  TA1CCTL2                                  
00000190  TA1R                                      
00000192  TA1CCR0                                   
00000194  TA1CCR1                                   
00000196  TA1CCR2                                   
000001b0  ADC10CTL0                                 
000001b2  ADC10CTL1                                 
000001b4  ADC10MEM                                  
000001bc  ADC10SA                                   
00000200  x                                         
00000202  y                                         
00000204  x1                                        
00000206  y1                                        
00000208  x2                                        
0000020a  y2                                        
0000020c  h_index                                   
0000020e  w_index                                   
00000210  Wire                                      
00000211  bit_num                                   
00000212  byte                                      
00000213  ft                                        
000003b0  _stack                                    
00000400  __STACK_END                               
000010c0  TLV_CHECKSUM                              
000010da  TLV_ADC10_1_TAG                           
000010db  TLV_ADC10_1_LEN                           
000010f6  TLV_DCO_30_TAG                            
000010f7  TLV_DCO_30_LEN                            
000010f8  CALDCO_16MHZ                              
000010f9  CALBC1_16MHZ                              
000010fa  CALDCO_12MHZ                              
000010fb  CALBC1_12MHZ                              
000010fc  CALDCO_8MHZ                               
000010fd  CALBC1_8MHZ                               
000010fe  CALDCO_1MHZ                               
000010ff  CALBC1_1MHZ                               
0000c000  main                                      
0000c582  _ZN7SSD130611draw_bitmapEiijjPKc          
0000c7ee  _ZN7SSD130617convert_font_sizeEhhhh       
0000c9c8  _ZN7SSD130610set_cursorEhh                
0000ca6a  _ZN7SSD130610bouncy_bmpEijjjjPKc          
0000cb02  _ZN7SSD130611draw_stringEiiPKc            
0000cb86  __TI_decompress_lzss                      
0000cc02  _ZN7SSD130621draw_string_sin_fixedEiiPKcjh
0000cc70  _ZN7SSD130610clean_areaEhhhh              
0000ccda  _ZN7SSD130612fill_displayEhhh             
0000cd42  _ZN7SSD130615draw_string_sinEiiPKch       
0000cda6  _ZN7SSD130610OLED_beginEv                 
0000ce04  _ZN7SSD130610write_charEhhhh              
0000ce5c  __mspabi_srli                             
0000ce6a  __mspabi_srli_15                          
0000ce6e  __mspabi_srli_14                          
0000ce72  __mspabi_srli_13                          
0000ce76  __mspabi_srli_12                          
0000ce7a  __mspabi_srli_11                          
0000ce7e  __mspabi_srli_10                          
0000ce82  __mspabi_srli_9                           
0000ce86  __mspabi_srli_8                           
0000ce8a  __mspabi_srli_7                           
0000ce8e  __mspabi_srli_6                           
0000ce92  __mspabi_srli_5                           
0000ce96  __mspabi_srli_4                           
0000ce9a  __mspabi_srli_3                           
0000ce9e  __mspabi_srli_2                           
0000cea2  __mspabi_srli_1                           
0000cea8  _ZN7SSD130612string_typerEhhPKchj         
0000ceee  _ZN7SSD130614write_h_stringEhhPKch        
0000cf32  _ZN7SSD130615send_data_arrayEPKch         
0000cf76  __TI_auto_init_nobinit_nopinit            
0000cfb8  _ZN7SSD130619scene_00_typer_helpEhh       
0000cff4  _ZN7SSD13065delayEj                       
0000d030  _ZN7SSD13067get_sinEi                     
0000d05e  _ZN3I2C5beginEv                           
0000d08a  __mspabi_divi                             
0000d08a  __mspabi_remi                             
0000d0b6  __mspabi_slli                             
0000d0c2  __mspabi_slli_15                          
0000d0c4  __mspabi_slli_14                          
0000d0c6  __mspabi_slli_13                          
0000d0c8  __mspabi_slli_12                          
0000d0ca  __mspabi_slli_11                          
0000d0cc  __mspabi_slli_10                          
0000d0ce  __mspabi_slli_9                           
0000d0d0  __mspabi_slli_8                           
0000d0d2  __mspabi_slli_7                           
0000d0d4  __mspabi_slli_6                           
0000d0d6  __mspabi_slli_5                           
0000d0d8  __mspabi_slli_4                           
0000d0da  __mspabi_slli_3                           
0000d0dc  __mspabi_slli_2                           
0000d0de  __mspabi_slli_1                           
0000d0e2  _ZN3I2C17beginTransmissionEi              
0000d100  _c_int00_noargs                           
0000d11c  _ZN3I2C5writeEhj                          
0000d134  __mspabi_divu                             
0000d134  __mspabi_remu                             
0000d14a  __TI_zero_init_nomemset                   
0000d15e  __mspabi_mpyi                             
0000d15e  __mspabi_mpyi_sw                          
0000d172  __TI_decompress_none                      
0000d184  memcpy                                    
0000d196  _Z6Port_1v                                
0000d1a6  __mspabi_func_epilog_7                    
0000d1a8  __mspabi_func_epilog_6                    
0000d1aa  __mspabi_func_epilog_5                    
0000d1ac  __mspabi_func_epilog_4                    
0000d1ae  __mspabi_func_epilog_3                    
0000d1b0  __mspabi_func_epilog_2                    
0000d1b2  __mspabi_func_epilog_1                    
0000d1b6  _ZN3I2C15endTransmissionEv                
0000d1c2  _ZN7SSD13067get_absEi                     
0000d1ce  __TI_ISR_TRAP                             
0000d1d6  C$$EXIT                                   
0000d1d6  abort                                     
0000d1dc  _system_pre_init                          
0000d1e0  _system_post_cinit                        
0000dc90  __TI_Handler_Table_Base                   
0000dc96  __TI_Handler_Table_Limit                  
0000dc9a  __TI_CINIT_Base                           
0000dca2  __TI_CINIT_Limit                          
0000ffe0  __TI_int00                                
0000ffe4  __TI_int02                                
0000ffe6  __TI_int03                                
0000ffea  __TI_int05                                
0000ffec  __TI_int06                                
0000ffee  __TI_int07                                
0000fff0  __TI_int08                                
0000fff2  __TI_int09                                
0000fff4  __TI_int10                                
0000fff6  __TI_int11                                
0000fff8  __TI_int12                                
0000fffa  __TI_int13                                
0000fffc  __TI_int14                                
0000fffe  _reset_vector                             
ffffffff  __TI_pprof_out_hndl                       
ffffffff  __TI_prof_data_size                       
ffffffff  __TI_prof_data_start                      
ffffffff  __c_args__                                

[215 symbols]
