******************************************************************************
                  MSP430 Linker Unix v18.12.2                  
******************************************************************************
>> Linked Thu Aug  8 03:21:38 2019

OUTPUT FILE NAME:   <Testador_de_CIs.out>
ENTRY POINT SYMBOL: "_c_int00_noargs"  address: 0000cfbe


MEMORY CONFIGURATION

         name            origin    length      used     unused   attr    fill
----------------------  --------  ---------  --------  --------  ----  --------
  SFR                   00000000   00000010  00000000  00000010  RWIX
  PERIPHERALS_8BIT      00000010   000000f0  00000000  000000f0  RWIX
  PERIPHERALS_16BIT     00000100   00000100  00000000  00000100  RWIX
  RAM                   00000200   00000200  00000059  000001a7  RWIX
  INFOD                 00001000   00000040  00000000  00000040  RWIX
  INFOC                 00001040   00000040  00000000  00000040  RWIX
  INFOB                 00001080   00000040  00000000  00000040  RWIX
  INFOA                 000010c0   00000040  00000000  00000040  RWIX
  FLASH                 0000c000   00003fde  000014a3  00002b3b  RWIX
  BSLSIGNATURE          0000ffde   00000002  00000002  00000000  RWIX  ffff 
  INT00                 0000ffe0   00000002  00000002  00000000  RWIX
  INT01                 0000ffe2   00000002  00000000  00000002  RWIX
  INT02                 0000ffe4   00000002  00000002  00000000  RWIX
  INT03                 0000ffe6   00000002  00000002  00000000  RWIX
  INT04                 0000ffe8   00000002  00000000  00000002  RWIX
  INT05                 0000ffea   00000002  00000002  00000000  RWIX
  INT06                 0000ffec   00000002  00000002  00000000  RWIX
  INT07                 0000ffee   00000002  00000002  00000000  RWIX
  INT08                 0000fff0   00000002  00000002  00000000  RWIX
  INT09                 0000fff2   00000002  00000002  00000000  RWIX
  INT10                 0000fff4   00000002  00000002  00000000  RWIX
  INT11                 0000fff6   00000002  00000002  00000000  RWIX
  INT12                 0000fff8   00000002  00000002  00000000  RWIX
  INT13                 0000fffa   00000002  00000002  00000000  RWIX
  INT14                 0000fffc   00000002  00000002  00000000  RWIX
  RESET                 0000fffe   00000002  00000002  00000000  RWIX


SECTION ALLOCATION MAP

 output                                  attributes/
section   page    origin      length       input sections
--------  ----  ----------  ----------   ----------------
.bss       0    00000200    00000009     UNINITIALIZED
                  00000200    00000002     (.common:h_index)
                  00000202    00000002     (.common:w_index)
                  00000204    00000001     (.common:Wire)
                  00000205    00000001     (.common:bit_num)
                  00000206    00000001     (.common:byte)
                  00000207    00000001     (.common:gpio)
                  00000208    00000001     (.common:oled)

.stack     0    000003b0    00000050     UNINITIALIZED
                  000003b0    00000002     rts430_eabi.lib : boot.c.obj (.stack)
                  000003b2    0000004e     --HOLE--

.text      0    0000c000    00001070     
                  0000c000    000002fc     main.obj (.text:main)
                  0000c2fc    0000026c     SSD1306.obj (.text:_ZN7SSD130611draw_bitmapEiijjPKc)
                  0000c568    000001fe     SSD1306.obj (.text:_ZN7SSD130617convert_font_sizeEhhhh)
                  0000c766    000000a6     SSD1306.obj (.text:_ZN7SSD130612write_stringEhhPKcj)
                  0000c80c    000000a2     SSD1306.obj (.text:_ZN7SSD130610set_cursorEhh)
                  0000c8ae    0000007c     MCP23017.obj (.text:_ZN4GPIO6orCaseEv)
                  0000c92a    0000007c     MCP23017.obj (.text:_ZN4GPIO7andCaseEv)
                  0000c9a6    0000007c     MCP23017.obj (.text:_ZN4GPIO7norCaseEv)
                  0000ca22    0000007c     MCP23017.obj (.text:_ZN4GPIO7xorCaseEv)
                  0000ca9e    0000007c     MCP23017.obj (.text:_ZN4GPIO8nandCaseEv)
                  0000cb1a    0000007c     MCP23017.obj (.text:_ZN4GPIO8xnorCaseEv)
                  0000cb96    00000068     SSD1306.obj (.text:_ZN7SSD130612fill_displayEhhh)
                  0000cbfe    00000064     MCP23017.obj (.text:_ZN4GPIO11configureIOEjj)
                  0000cc62    0000005e     SSD1306.obj (.text:_ZN7SSD13065beginEv)
                  0000ccc0    00000058     SSD1306.obj (.text:_ZN7SSD130610write_charEhhhh)
                  0000cd18    0000004c     rts430_eabi.lib : lsr16.asm.obj (.text)
                  0000cd64    00000046     SSD1306.obj (.text:_ZN7SSD130612string_typerEhhPKchj)
                  0000cdaa    00000044     MCP23017.obj (.text:_ZN4GPIO7notCaseEv)
                  0000cdee    00000044     SSD1306.obj (.text:_ZN7SSD130615send_data_arrayEPKch)
                  0000ce32    00000042     rts430_eabi.lib : autoinit.c.obj (.text:__TI_auto_init_nobinit_nopinit:__TI_auto_init_nobinit_nopinit)
                  0000ce74    0000003c     SSD1306.obj (.text:_ZN7SSD13065delayEj)
                  0000ceb0    00000036     MCP23017.obj (.text:_ZN4GPIO15regA_setOutputsEc)
                  0000cee6    00000036     MCP23017.obj (.text:_ZN4GPIO15regB_setOutputsEc)
                  0000cf1c    0000002c     I2C.obj (.text:_ZN3I2C5beginEv)
                  0000cf48    0000002c     rts430_eabi.lib : div16s.asm.obj (.text)
                  0000cf74    0000002c                     : lsl16.asm.obj (.text)
                  0000cfa0    0000001e     I2C.obj (.text:_ZN3I2C17beginTransmissionEi)
                  0000cfbe    0000001c     rts430_eabi.lib : boot.c.obj (.text:_c_int00_noargs)
                  0000cfda    00000018     I2C.obj (.text:_ZN3I2C5writeEhj)
                  0000cff2    00000016     rts430_eabi.lib : div16u.asm.obj (.text)
                  0000d008    00000014                     : copy_zero_init.c.obj (.text:decompress:ZI:__TI_zero_init_nomemset:__TI_zero_init_nomemset)
                  0000d01c    00000014                     : mult16.asm.obj (.text)
                  0000d030    00000010     main.obj (.text:_Z6Port_1v)
                  0000d040    00000010     rts430_eabi.lib : epilog.asm.obj (.text)
                  0000d050    0000000c     I2C.obj (.text:_ZN3I2C15endTransmissionEv)
                  0000d05c    00000008     rts430_eabi.lib : isr_trap.asm.obj (.text:_isr:__TI_ISR_TRAP)
                  0000d064    00000006                     : exit.c.obj (.text:abort)
                  0000d06a    00000004                     : pre_init.c.obj (.text:_system_pre_init)
                  0000d06e    00000002                     : startup.c.obj (.text:_system_post_cinit)

.const     0    0000d070    00000429     
                  0000d070    00000280     SSD1306.obj (.const:ascii_table)
                  0000d2f0    00000120     main.obj (.const:.string:logo)
                  0000d410    00000064     main.obj (.const:.string)
                  0000d474    00000019     SSD1306.obj (.const:.string:init_cmd_array)
                  0000d48d    00000001     --HOLE-- [fill = 0]
                  0000d48e    0000000b     main.obj (.const:.string:logo_t)

.cinit     0    0000d49a    0000000a     
                  0000d49a    00000004     (.cinit..bss.load) [load image, compression = zero_init]
                  0000d49e    00000002     (__TI_handler_table)
                  0000d4a0    00000004     (__TI_cinit_table)

.binit     0    0000c000    00000000     

.init_array 
*          0    0000c000    00000000     UNINITIALIZED

TRAPINT    0    0000ffe0    00000002     
                  0000ffe0    00000002     rts430_eabi.lib : int00.asm.obj (.int00)

PORT1      0    0000ffe4    00000002     
                  0000ffe4    00000002     main.obj (.int02)

PORT2      0    0000ffe6    00000002     
                  0000ffe6    00000002     rts430_eabi.lib : int03.asm.obj (.int03)

ADC10      0    0000ffea    00000002     
                  0000ffea    00000002     rts430_eabi.lib : int05.asm.obj (.int05)

USCIAB0TX 
*          0    0000ffec    00000002     
                  0000ffec    00000002     rts430_eabi.lib : int06.asm.obj (.int06)

USCIAB0RX 
*          0    0000ffee    00000002     
                  0000ffee    00000002     rts430_eabi.lib : int07.asm.obj (.int07)

TIMER0_A1 
*          0    0000fff0    00000002     
                  0000fff0    00000002     rts430_eabi.lib : int08.asm.obj (.int08)

TIMER0_A0 
*          0    0000fff2    00000002     
                  0000fff2    00000002     rts430_eabi.lib : int09.asm.obj (.int09)

WDT        0    0000fff4    00000002     
                  0000fff4    00000002     rts430_eabi.lib : int10.asm.obj (.int10)

COMPARATORA 
*          0    0000fff6    00000002     
                  0000fff6    00000002     rts430_eabi.lib : int11.asm.obj (.int11)

TIMER1_A1 
*          0    0000fff8    00000002     
                  0000fff8    00000002     rts430_eabi.lib : int12.asm.obj (.int12)

TIMER1_A0 
*          0    0000fffa    00000002     
                  0000fffa    00000002     rts430_eabi.lib : int13.asm.obj (.int13)

NMI        0    0000fffc    00000002     
                  0000fffc    00000002     rts430_eabi.lib : int14.asm.obj (.int14)

.reset     0    0000fffe    00000002     
                  0000fffe    00000002     rts430_eabi.lib : boot.c.obj (.reset)

$fill000   0    0000ffde    00000002     
                  0000ffde    00000002     --HOLE-- [fill = ffff]

MODULE SUMMARY

       Module                 code   ro data   rw data
       ------                 ----   -------   -------
    ./
       SSD1306.obj            1942   665       0      
       main.obj               780    401       1      
       MCP23017.obj           1020   0         8      
       I2C.obj                110    0         0      
    +--+----------------------+------+---------+---------+
       Total:                 3852   1066      9      
                                                      
    /Applications/ti/ccs900/ccs/tools/compiler/ti-cgt-msp430_18.12.2.LTS/lib/rts430_eabi.lib
       lsr16.asm.obj          76     0         0      
       autoinit.c.obj         66     0         0      
       div16s.asm.obj         44     0         0      
       lsl16.asm.obj          44     0         0      
       boot.c.obj             28     2         0      
       div16u.asm.obj         22     0         0      
       copy_zero_init.c.obj   20     0         0      
       mult16.asm.obj         20     0         0      
       epilog.asm.obj         16     0         0      
       isr_trap.asm.obj       8      0         0      
       exit.c.obj             6      0         0      
       pre_init.c.obj         4      0         0      
       int00.asm.obj          0      2         0      
       int03.asm.obj          0      2         0      
       int05.asm.obj          0      2         0      
       int06.asm.obj          0      2         0      
       int07.asm.obj          0      2         0      
       int08.asm.obj          0      2         0      
       int09.asm.obj          0      2         0      
       int10.asm.obj          0      2         0      
       int11.asm.obj          0      2         0      
       int12.asm.obj          0      2         0      
       int13.asm.obj          0      2         0      
       int14.asm.obj          0      2         0      
       startup.c.obj          2      0         0      
    +--+----------------------+------+---------+---------+
       Total:                 356    26        0      
                                                      
       Stack:                 0      0         80     
       Linker Generated:      0      10        0      
    +--+----------------------+------+---------+---------+
       Grand Total:           4208   1102      89     


LINKER GENERATED COPY TABLES

__TI_cinit_table @ 0000d4a0 records: 1, size/record: 4, table size: 4
	.bss: load addr=0000d49a, load size=00000004 bytes, run addr=00000200, run size=00000009 bytes, compression=zero_init


LINKER GENERATED HANDLER TABLE

__TI_handler_table @ 0000d49e records: 1, size/record: 2, table size: 2
	index: 0, handler: __TI_zero_init


GLOBAL SYMBOLS: SORTED ALPHABETICALLY BY Name 

address   name                               
-------   ----                               
0000004a  ADC10AE0                           
000001b0  ADC10CTL0                          
000001b2  ADC10CTL1                          
00000048  ADC10DTC0                          
00000049  ADC10DTC1                          
000001b4  ADC10MEM                           
000001bc  ADC10SA                            
00000057  BCSCTL1                            
00000058  BCSCTL2                            
00000053  BCSCTL3                            
0000d064  C$$EXIT                            
00000059  CACTL1                             
0000005a  CACTL2                             
000010fb  CALBC1_12MHZ                       
000010f9  CALBC1_16MHZ                       
000010ff  CALBC1_1MHZ                        
000010fd  CALBC1_8MHZ                        
000010fa  CALDCO_12MHZ                       
000010f8  CALDCO_16MHZ                       
000010fe  CALDCO_1MHZ                        
000010fc  CALDCO_8MHZ                        
0000005b  CAPD                               
00000056  DCOCTL                             
00000128  FCTL1                              
0000012a  FCTL2                              
0000012c  FCTL3                              
00000000  IE1                                
00000001  IE2                                
00000002  IFG1                               
00000003  IFG2                               
00000022  P1DIR                              
00000025  P1IE                               
00000024  P1IES                              
00000023  P1IFG                              
00000020  P1IN                               
00000021  P1OUT                              
00000027  P1REN                              
00000026  P1SEL                              
00000041  P1SEL2                             
0000002a  P2DIR                              
0000002d  P2IE                               
0000002c  P2IES                              
0000002b  P2IFG                              
00000028  P2IN                               
00000029  P2OUT                              
0000002f  P2REN                              
0000002e  P2SEL                              
00000042  P2SEL2                             
0000001a  P3DIR                              
00000018  P3IN                               
00000019  P3OUT                              
00000010  P3REN                              
0000001b  P3SEL                              
00000043  P3SEL2                             
00000172  TA0CCR0                            
00000174  TA0CCR1                            
00000176  TA0CCR2                            
00000162  TA0CCTL0                           
00000164  TA0CCTL1                           
00000166  TA0CCTL2                           
00000160  TA0CTL                             
0000012e  TA0IV                              
00000170  TA0R                               
00000192  TA1CCR0                            
00000194  TA1CCR1                            
00000196  TA1CCR2                            
00000182  TA1CCTL0                           
00000184  TA1CCTL1                           
00000186  TA1CCTL2                           
00000180  TA1CTL                             
0000011e  TA1IV                              
00000190  TA1R                               
000010db  TLV_ADC10_1_LEN                    
000010da  TLV_ADC10_1_TAG                    
000010c0  TLV_CHECKSUM                       
000010f7  TLV_DCO_30_LEN                     
000010f6  TLV_DCO_30_TAG                     
0000005d  UCA0ABCTL                          
00000062  UCA0BR0                            
00000063  UCA0BR1                            
00000060  UCA0CTL0                           
00000061  UCA0CTL1                           
0000005f  UCA0IRRCTL                         
0000005e  UCA0IRTCTL                         
00000064  UCA0MCTL                           
00000066  UCA0RXBUF                          
00000065  UCA0STAT                           
00000067  UCA0TXBUF                          
0000006a  UCB0BR0                            
0000006b  UCB0BR1                            
00000068  UCB0CTL0                           
00000069  UCB0CTL1                           
0000006c  UCB0I2CIE                          
00000118  UCB0I2COA                          
0000011a  UCB0I2CSA                          
0000006e  UCB0RXBUF                          
0000006d  UCB0STAT                           
0000006f  UCB0TXBUF                          
00000120  WDTCTL                             
00000204  Wire                               
0000d030  _Z6Port_1v                         
0000d050  _ZN3I2C15endTransmissionEv         
0000cfa0  _ZN3I2C17beginTransmissionEi       
0000cf1c  _ZN3I2C5beginEv                    
0000cfda  _ZN3I2C5writeEhj                   
0000cbfe  _ZN4GPIO11configureIOEjj           
0000ceb0  _ZN4GPIO15regA_setOutputsEc        
0000cee6  _ZN4GPIO15regB_setOutputsEc        
0000c8ae  _ZN4GPIO6orCaseEv                  
0000c92a  _ZN4GPIO7andCaseEv                 
0000c9a6  _ZN4GPIO7norCaseEv                 
0000cdaa  _ZN4GPIO7notCaseEv                 
0000ca22  _ZN4GPIO7xorCaseEv                 
0000ca9e  _ZN4GPIO8nandCaseEv                
0000cb1a  _ZN4GPIO8xnorCaseEv                
0000c80c  _ZN7SSD130610set_cursorEhh         
0000ccc0  _ZN7SSD130610write_charEhhhh       
0000c2fc  _ZN7SSD130611draw_bitmapEiijjPKc   
0000cb96  _ZN7SSD130612fill_displayEhhh      
0000cd64  _ZN7SSD130612string_typerEhhPKchj  
0000c766  _ZN7SSD130612write_stringEhhPKcj   
0000cdee  _ZN7SSD130615send_data_arrayEPKch  
0000c568  _ZN7SSD130617convert_font_sizeEhhhh
0000cc62  _ZN7SSD13065beginEv                
0000ce74  _ZN7SSD13065delayEj                
00000400  __STACK_END                        
00000050  __STACK_SIZE                       
0000d4a0  __TI_CINIT_Base                    
0000d4a4  __TI_CINIT_Limit                   
0000d49e  __TI_Handler_Table_Base            
0000d4a0  __TI_Handler_Table_Limit           
0000d05c  __TI_ISR_TRAP                      
0000ce32  __TI_auto_init_nobinit_nopinit     
0000ffe0  __TI_int00                         
0000ffe4  __TI_int02                         
0000ffe6  __TI_int03                         
0000ffea  __TI_int05                         
0000ffec  __TI_int06                         
0000ffee  __TI_int07                         
0000fff0  __TI_int08                         
0000fff2  __TI_int09                         
0000fff4  __TI_int10                         
0000fff6  __TI_int11                         
0000fff8  __TI_int12                         
0000fffa  __TI_int13                         
0000fffc  __TI_int14                         
ffffffff  __TI_pprof_out_hndl                
ffffffff  __TI_prof_data_size                
ffffffff  __TI_prof_data_start               
0000d008  __TI_zero_init_nomemset            
ffffffff  __c_args__                         
0000cf48  __mspabi_divi                      
0000cff2  __mspabi_divu                      
0000d04c  __mspabi_func_epilog_1             
0000d04a  __mspabi_func_epilog_2             
0000d048  __mspabi_func_epilog_3             
0000d046  __mspabi_func_epilog_4             
0000d044  __mspabi_func_epilog_5             
0000d042  __mspabi_func_epilog_6             
0000d040  __mspabi_func_epilog_7             
0000d01c  __mspabi_mpyi                      
0000d01c  __mspabi_mpyi_sw                   
0000cf48  __mspabi_remi                      
0000cff2  __mspabi_remu                      
0000cf74  __mspabi_slli                      
0000cf9c  __mspabi_slli_1                    
0000cf8a  __mspabi_slli_10                   
0000cf88  __mspabi_slli_11                   
0000cf86  __mspabi_slli_12                   
0000cf84  __mspabi_slli_13                   
0000cf82  __mspabi_slli_14                   
0000cf80  __mspabi_slli_15                   
0000cf9a  __mspabi_slli_2                    
0000cf98  __mspabi_slli_3                    
0000cf96  __mspabi_slli_4                    
0000cf94  __mspabi_slli_5                    
0000cf92  __mspabi_slli_6                    
0000cf90  __mspabi_slli_7                    
0000cf8e  __mspabi_slli_8                    
0000cf8c  __mspabi_slli_9                    
0000cd18  __mspabi_srli                      
0000cd5e  __mspabi_srli_1                    
0000cd3a  __mspabi_srli_10                   
0000cd36  __mspabi_srli_11                   
0000cd32  __mspabi_srli_12                   
0000cd2e  __mspabi_srli_13                   
0000cd2a  __mspabi_srli_14                   
0000cd26  __mspabi_srli_15                   
0000cd5a  __mspabi_srli_2                    
0000cd56  __mspabi_srli_3                    
0000cd52  __mspabi_srli_4                    
0000cd4e  __mspabi_srli_5                    
0000cd4a  __mspabi_srli_6                    
0000cd46  __mspabi_srli_7                    
0000cd42  __mspabi_srli_8                    
0000cd3e  __mspabi_srli_9                    
0000cfbe  _c_int00_noargs                    
0000fffe  _reset_vector                      
000003b0  _stack                             
0000d06e  _system_post_cinit                 
0000d06a  _system_pre_init                   
0000d064  abort                              
00000205  bit_num                            
00000206  byte                               
00000207  gpio                               
00000200  h_index                            
0000c000  main                               
00000208  oled                               
00000202  w_index                            


GLOBAL SYMBOLS: SORTED BY Symbol Address 

address   name                               
-------   ----                               
00000000  IE1                                
00000001  IE2                                
00000002  IFG1                               
00000003  IFG2                               
00000010  P3REN                              
00000018  P3IN                               
00000019  P3OUT                              
0000001a  P3DIR                              
0000001b  P3SEL                              
00000020  P1IN                               
00000021  P1OUT                              
00000022  P1DIR                              
00000023  P1IFG                              
00000024  P1IES                              
00000025  P1IE                               
00000026  P1SEL                              
00000027  P1REN                              
00000028  P2IN                               
00000029  P2OUT                              
0000002a  P2DIR                              
0000002b  P2IFG                              
0000002c  P2IES                              
0000002d  P2IE                               
0000002e  P2SEL                              
0000002f  P2REN                              
00000041  P1SEL2                             
00000042  P2SEL2                             
00000043  P3SEL2                             
00000048  ADC10DTC0                          
00000049  ADC10DTC1                          
0000004a  ADC10AE0                           
00000050  __STACK_SIZE                       
00000053  BCSCTL3                            
00000056  DCOCTL                             
00000057  BCSCTL1                            
00000058  BCSCTL2                            
00000059  CACTL1                             
0000005a  CACTL2                             
0000005b  CAPD                               
0000005d  UCA0ABCTL                          
0000005e  UCA0IRTCTL                         
0000005f  UCA0IRRCTL                         
00000060  UCA0CTL0                           
00000061  UCA0CTL1                           
00000062  UCA0BR0                            
00000063  UCA0BR1                            
00000064  UCA0MCTL                           
00000065  UCA0STAT                           
00000066  UCA0RXBUF                          
00000067  UCA0TXBUF                          
00000068  UCB0CTL0                           
00000069  UCB0CTL1                           
0000006a  UCB0BR0                            
0000006b  UCB0BR1                            
0000006c  UCB0I2CIE                          
0000006d  UCB0STAT                           
0000006e  UCB0RXBUF                          
0000006f  UCB0TXBUF                          
00000118  UCB0I2COA                          
0000011a  UCB0I2CSA                          
0000011e  TA1IV                              
00000120  WDTCTL                             
00000128  FCTL1                              
0000012a  FCTL2                              
0000012c  FCTL3                              
0000012e  TA0IV                              
00000160  TA0CTL                             
00000162  TA0CCTL0                           
00000164  TA0CCTL1                           
00000166  TA0CCTL2                           
00000170  TA0R                               
00000172  TA0CCR0                            
00000174  TA0CCR1                            
00000176  TA0CCR2                            
00000180  TA1CTL                             
00000182  TA1CCTL0                           
00000184  TA1CCTL1                           
00000186  TA1CCTL2                           
00000190  TA1R                               
00000192  TA1CCR0                            
00000194  TA1CCR1                            
00000196  TA1CCR2                            
000001b0  ADC10CTL0                          
000001b2  ADC10CTL1                          
000001b4  ADC10MEM                           
000001bc  ADC10SA                            
00000200  h_index                            
00000202  w_index                            
00000204  Wire                               
00000205  bit_num                            
00000206  byte                               
00000207  gpio                               
00000208  oled                               
000003b0  _stack                             
00000400  __STACK_END                        
000010c0  TLV_CHECKSUM                       
000010da  TLV_ADC10_1_TAG                    
000010db  TLV_ADC10_1_LEN                    
000010f6  TLV_DCO_30_TAG                     
000010f7  TLV_DCO_30_LEN                     
000010f8  CALDCO_16MHZ                       
000010f9  CALBC1_16MHZ                       
000010fa  CALDCO_12MHZ                       
000010fb  CALBC1_12MHZ                       
000010fc  CALDCO_8MHZ                        
000010fd  CALBC1_8MHZ                        
000010fe  CALDCO_1MHZ                        
000010ff  CALBC1_1MHZ                        
0000c000  main                               
0000c2fc  _ZN7SSD130611draw_bitmapEiijjPKc   
0000c568  _ZN7SSD130617convert_font_sizeEhhhh
0000c766  _ZN7SSD130612write_stringEhhPKcj   
0000c80c  _ZN7SSD130610set_cursorEhh         
0000c8ae  _ZN4GPIO6orCaseEv                  
0000c92a  _ZN4GPIO7andCaseEv                 
0000c9a6  _ZN4GPIO7norCaseEv                 
0000ca22  _ZN4GPIO7xorCaseEv                 
0000ca9e  _ZN4GPIO8nandCaseEv                
0000cb1a  _ZN4GPIO8xnorCaseEv                
0000cb96  _ZN7SSD130612fill_displayEhhh      
0000cbfe  _ZN4GPIO11configureIOEjj           
0000cc62  _ZN7SSD13065beginEv                
0000ccc0  _ZN7SSD130610write_charEhhhh       
0000cd18  __mspabi_srli                      
0000cd26  __mspabi_srli_15                   
0000cd2a  __mspabi_srli_14                   
0000cd2e  __mspabi_srli_13                   
0000cd32  __mspabi_srli_12                   
0000cd36  __mspabi_srli_11                   
0000cd3a  __mspabi_srli_10                   
0000cd3e  __mspabi_srli_9                    
0000cd42  __mspabi_srli_8                    
0000cd46  __mspabi_srli_7                    
0000cd4a  __mspabi_srli_6                    
0000cd4e  __mspabi_srli_5                    
0000cd52  __mspabi_srli_4                    
0000cd56  __mspabi_srli_3                    
0000cd5a  __mspabi_srli_2                    
0000cd5e  __mspabi_srli_1                    
0000cd64  _ZN7SSD130612string_typerEhhPKchj  
0000cdaa  _ZN4GPIO7notCaseEv                 
0000cdee  _ZN7SSD130615send_data_arrayEPKch  
0000ce32  __TI_auto_init_nobinit_nopinit     
0000ce74  _ZN7SSD13065delayEj                
0000ceb0  _ZN4GPIO15regA_setOutputsEc        
0000cee6  _ZN4GPIO15regB_setOutputsEc        
0000cf1c  _ZN3I2C5beginEv                    
0000cf48  __mspabi_divi                      
0000cf48  __mspabi_remi                      
0000cf74  __mspabi_slli                      
0000cf80  __mspabi_slli_15                   
0000cf82  __mspabi_slli_14                   
0000cf84  __mspabi_slli_13                   
0000cf86  __mspabi_slli_12                   
0000cf88  __mspabi_slli_11                   
0000cf8a  __mspabi_slli_10                   
0000cf8c  __mspabi_slli_9                    
0000cf8e  __mspabi_slli_8                    
0000cf90  __mspabi_slli_7                    
0000cf92  __mspabi_slli_6                    
0000cf94  __mspabi_slli_5                    
0000cf96  __mspabi_slli_4                    
0000cf98  __mspabi_slli_3                    
0000cf9a  __mspabi_slli_2                    
0000cf9c  __mspabi_slli_1                    
0000cfa0  _ZN3I2C17beginTransmissionEi       
0000cfbe  _c_int00_noargs                    
0000cfda  _ZN3I2C5writeEhj                   
0000cff2  __mspabi_divu                      
0000cff2  __mspabi_remu                      
0000d008  __TI_zero_init_nomemset            
0000d01c  __mspabi_mpyi                      
0000d01c  __mspabi_mpyi_sw                   
0000d030  _Z6Port_1v                         
0000d040  __mspabi_func_epilog_7             
0000d042  __mspabi_func_epilog_6             
0000d044  __mspabi_func_epilog_5             
0000d046  __mspabi_func_epilog_4             
0000d048  __mspabi_func_epilog_3             
0000d04a  __mspabi_func_epilog_2             
0000d04c  __mspabi_func_epilog_1             
0000d050  _ZN3I2C15endTransmissionEv         
0000d05c  __TI_ISR_TRAP                      
0000d064  C$$EXIT                            
0000d064  abort                              
0000d06a  _system_pre_init                   
0000d06e  _system_post_cinit                 
0000d49e  __TI_Handler_Table_Base            
0000d4a0  __TI_CINIT_Base                    
0000d4a0  __TI_Handler_Table_Limit           
0000d4a4  __TI_CINIT_Limit                   
0000ffe0  __TI_int00                         
0000ffe4  __TI_int02                         
0000ffe6  __TI_int03                         
0000ffea  __TI_int05                         
0000ffec  __TI_int06                         
0000ffee  __TI_int07                         
0000fff0  __TI_int08                         
0000fff2  __TI_int09                         
0000fff4  __TI_int10                         
0000fff6  __TI_int11                         
0000fff8  __TI_int12                         
0000fffa  __TI_int13                         
0000fffc  __TI_int14                         
0000fffe  _reset_vector                      
ffffffff  __TI_pprof_out_hndl                
ffffffff  __TI_prof_data_size                
ffffffff  __TI_prof_data_start               
ffffffff  __c_args__                         

[209 symbols]
